src/components/contact/Cotact.tsx(7,31): error TS2305: Module '"lucide-react"' has no exported member 'Github'.
src/components/contact/Cotact.tsx(7,39): error TS2305: Module '"lucide-react"' has no exported member 'Linkedin'.
src/components/contact/Cotact.tsx(7,49): error TS2305: Module '"lucide-react"' has no exported member 'Twitter'.
src/components/contact/Cotact.tsx(58,18): error TS2322: Type '{ children: string; className: string; style: { color: "rgba(34,211,238,0.5)"; }; initial: { opacity: number; y: number; }; animate: { opacity: number; y: number; }; transition: { duration: number; ease: number[]; delay: number; }; }' is not assignable to type 'Omit<HTMLMotionProps<"p">, "ref">'.
  Types of property 'transition' are incompatible.
    Type '{ duration: number; ease: number[]; delay: number; }' is not assignable to type 'Transition<any> | undefined'.
      Type '{ duration: number; ease: number[]; delay: number; }' is not assignable to type 'TransitionWithValueOverrides<any>'.
        Type '{ duration: number; ease: number[]; delay: number; }' is not assignable to type 'ValueAnimationTransition<any>'.
          Types of property 'ease' are incompatible.
            Type 'number[]' is not assignable to type 'Easing | Easing[] | undefined'.
              Type 'number[]' is not assignable to type 'EasingFunction | Easing[]'.
                Type 'number[]' is not assignable to type 'Easing[]'.
                  Type 'number' is not assignable to type 'Easing'.
src/components/contact/Cotact.tsx(62,18): error TS2322: Type '{ children: (string | Element)[]; className: string; initial: { opacity: number; y: number; }; animate: { opacity: number; y: number; }; transition: { duration: number; ease: number[]; delay: number; }; }' is not assignable to type 'Omit<HTMLMotionProps<"h1">, "ref">'.
  Types of property 'transition' are incompatible.
    Type '{ duration: number; ease: number[]; delay: number; }' is not assignable to type 'Transition<any> | undefined'.
      Type '{ duration: number; ease: number[]; delay: number; }' is not assignable to type 'TransitionWithValueOverrides<any>'.
        Type '{ duration: number; ease: number[]; delay: number; }' is not assignable to type 'ValueAnimationTransition<any>'.
          Types of property 'ease' are incompatible.
            Type 'number[]' is not assignable to type 'Easing | Easing[] | undefined'.
              Type 'number[]' is not assignable to type 'EasingFunction | Easing[]'.
                Type 'number[]' is not assignable to type 'Easing[]'.
                  Type 'number' is not assignable to type 'Easing'.
src/components/contact/Cotact.tsx(75,18): error TS2322: Type '{ children: string; className: string; initial: { opacity: number; y: number; }; animate: { opacity: number; y: number; }; transition: { duration: number; ease: number[]; delay: number; }; }' is not assignable to type 'Omit<HTMLMotionProps<"p">, "ref">'.
  Types of property 'transition' are incompatible.
    Type '{ duration: number; ease: number[]; delay: number; }' is not assignable to type 'Transition<any> | undefined'.
      Type '{ duration: number; ease: number[]; delay: number; }' is not assignable to type 'TransitionWithValueOverrides<any>'.
        Type '{ duration: number; ease: number[]; delay: number; }' is not assignable to type 'ValueAnimationTransition<any>'.
          Types of property 'ease' are incompatible.
            Type 'number[]' is not assignable to type 'Easing | Easing[] | undefined'.
              Type 'number[]' is not assignable to type 'EasingFunction | Easing[]'.
                Type 'number[]' is not assignable to type 'Easing[]'.
                  Type 'number' is not assignable to type 'Easing'.
